!!!!!!!! REMEMBER to FIX this BLOB issue !!!!!!!
Testing the REDO PHASE ALONE
TEST WITH ma_test1 -s -M -T -c
applying log
Differences in maria_chk -dvv, recovery not yet perfect !
========DIFF START=======
11c11
< Datafile length:                16384  Keyfile length:                  16384
---
> Datafile length:                16384  Keyfile length:                   8192
18c18
< 1   2     6   unique  number                         1         8192       8192
---
> 1   2     6   unique  number                         1                    8192
========DIFF END=======
testing idempotency
applying log
Differences in maria_chk -dvv, recovery not yet perfect !
========DIFF START=======
11c11
< Datafile length:                16384  Keyfile length:                  16384
---
> Datafile length:                16384  Keyfile length:                   8192
18c18
< 1   2     6   unique  number                         1         8192       8192
---
> 1   2     6   unique  number                         1                    8192
========DIFF END=======
TEST WITH ma_test2 -s -L -K -W -P -M -T -c
applying log
Differences in maria_chk -dvv, recovery not yet perfect !
========DIFF START=======
11c11
< Datafile length:                90112  Keyfile length:                 204800
---
> Datafile length:                90112  Keyfile length:                   8192
========DIFF END=======
testing idempotency
applying log
Differences in maria_chk -dvv, recovery not yet perfect !
========DIFF START=======
11c11
< Datafile length:                90112  Keyfile length:                 204800
---
> Datafile length:                90112  Keyfile length:                   8192
========DIFF END=======
TEST WITH ma_test2 -s -M -T -c -b
applying log
Differences in maria_chk -dvv, recovery not yet perfect !
========DIFF START=======
11c11
< Datafile length:                81920  Keyfile length:                 172032
---
> Datafile length:                81920  Keyfile length:                   8192
========DIFF END=======
testing idempotency
applying log
Differences in maria_chk -dvv, recovery not yet perfect !
========DIFF START=======
11c11
< Datafile length:                81920  Keyfile length:                 172032
---
> Datafile length:                81920  Keyfile length:                   8192
========DIFF END=======
Testing the REDO AND UNDO PHASE
TEST WITH ma_test1 -s -M -T -c -N  --testflag=1 (commit at end)
TEST WITH ma_test1 -s -M -T -c -N  --testflag=2 --test-undo=1 (additional aborted work)
Terminating after inserts
Dying on request without maria_commit()/maria_close()
applying log
Differences in maria_chk -dvv, recovery not yet perfect !
========DIFF START=======
11c11
< Datafile length:                16384  Keyfile length:                  16384
---
> Datafile length:                16384  Keyfile length:                   8192
18c18
< 1   2     6   unique  number NULL                    0         8192       8192
---
> 1   2     6   unique  number NULL                    0                    8192
========DIFF END=======
testing idempotency
applying log
Differences in maria_chk -dvv, recovery not yet perfect !
========DIFF START=======
11c11
< Datafile length:                16384  Keyfile length:                  16384
---
> Datafile length:                16384  Keyfile length:                   8192
18c18
< 1   2     6   unique  number NULL                    0         8192       8192
---
> 1   2     6   unique  number NULL                    0                    8192
========DIFF END=======
testing applying of CLRs to recreate table
applying log
Differences in maria_chk -dvv, recovery not yet perfect !
========DIFF START=======
11c11
< Datafile length:                16384  Keyfile length:                  16384
---
> Datafile length:                16384  Keyfile length:                   8192
18c18
< 1   2     6   unique  number NULL                    0         8192       8192
---
> 1   2     6   unique  number NULL                    0                    8192
========DIFF END=======
TEST WITH ma_test1 -s -M -T -c -N  --testflag=3 (commit at end)
Terminating after updates
TEST WITH ma_test1 -s -M -T -c -N  --testflag=4 --test-undo=1 (additional aborted work)
Terminating after deletes
Dying on request without maria_commit()/maria_close()
applying log
testing idempotency
applying log
testing applying of CLRs to recreate table
applying log
Differences in maria_chk -dvv, recovery not yet perfect !
========DIFF START=======
11c11
< Datafile length:                16384  Keyfile length:                  16384
---
> Datafile length:                16384  Keyfile length:                   8192
18c18
< 1   2     6   unique  number NULL                    0         8192       8192
---
> 1   2     6   unique  number NULL                    0                    8192
========DIFF END=======
TEST WITH ma_test1 -s -M -T -c -N  --testflag=2 (commit at end)
Terminating after inserts
TEST WITH ma_test1 -s -M -T -c -N  --testflag=3 --test-undo=1 (additional aborted work)
Terminating after updates
Dying on request without maria_commit()/maria_close()
applying log
Differences in maria_chk -dvv, recovery not yet perfect !
========DIFF START=======
11c11
< Datafile length:                16384  Keyfile length:                  16384
---
> Datafile length:                16384  Keyfile length:                   8192
18c18
< 1   2     6   unique  number NULL                    0         8192       8192
---
> 1   2     6   unique  number NULL                    0                    8192
========DIFF END=======
testing idempotency
applying log
Differences in maria_chk -dvv, recovery not yet perfect !
========DIFF START=======
11c11
< Datafile length:                16384  Keyfile length:                  16384
---
> Datafile length:                16384  Keyfile length:                   8192
18c18
< 1   2     6   unique  number NULL                    0         8192       8192
---
> 1   2     6   unique  number NULL                    0                    8192
========DIFF END=======
testing applying of CLRs to recreate table
applying log
Differences in maria_chk -dvv, recovery not yet perfect !
========DIFF START=======
11c11
< Datafile length:                16384  Keyfile length:                  16384
---
> Datafile length:                16384  Keyfile length:                   8192
18c18
< 1   2     6   unique  number NULL                    0         8192       8192
---
> 1   2     6   unique  number NULL                    0                    8192
========DIFF END=======
TEST WITH ma_test2 -s -L -K -W -P -M -T -c  -t1 (commit at end)
TEST WITH ma_test2 -s -L -K -W -P -M -T -c  -t2 -u1 (additional aborted work)
Dying on request without maria_commit()/maria_close()
applying log
Differences in maria_chk -dvv, recovery not yet perfect !
========DIFF START=======
6c6
< Status:              checked,analyzed,optimized keys,sorted index pages
---
> Status:              changed
11c11
< Datafile length:                 8192  Keyfile length:                   8192
---
> Datafile length:                90112  Keyfile length:                 204800
========DIFF END=======
testing idempotency
applying log
Differences in maria_chk -dvv, recovery not yet perfect !
========DIFF START=======
6c6
< Status:              checked,analyzed,optimized keys,sorted index pages
---
> Status:              changed
11c11
< Datafile length:                 8192  Keyfile length:                   8192
---
> Datafile length:                90112  Keyfile length:                 204800
========DIFF END=======
testing applying of CLRs to recreate table
applying log
Differences in maria_chk -dvv, recovery not yet perfect !
========DIFF START=======
6c6
< Status:              checked,analyzed,optimized keys,sorted index pages
---
> Status:              changed
11c11
< Datafile length:                 8192  Keyfile length:                   8192
---
> Datafile length:                90112  Keyfile length:                   8192
========DIFF END=======
TEST WITH ma_test1 -s -M -T -c -N  --testflag=1 (commit at end)
TEST WITH ma_test1 -s -M -T -c -N  --testflag=2 --test-undo=2 (additional aborted work)
Terminating after inserts
Dying on request without maria_commit()/maria_close()
applying log
Differences in maria_chk -dvv, recovery not yet perfect !
========DIFF START=======
11c11
< Datafile length:                16384  Keyfile length:                  16384
---
> Datafile length:                16384  Keyfile length:                   8192
18c18
< 1   2     6   unique  number NULL                    0         8192       8192
---
> 1   2     6   unique  number NULL                    0                    8192
========DIFF END=======
testing idempotency
applying log
Differences in maria_chk -dvv, recovery not yet perfect !
========DIFF START=======
11c11
< Datafile length:                16384  Keyfile length:                  16384
---
> Datafile length:                16384  Keyfile length:                   8192
18c18
< 1   2     6   unique  number NULL                    0         8192       8192
---
> 1   2     6   unique  number NULL                    0                    8192
========DIFF END=======
testing applying of CLRs to recreate table
applying log
Differences in maria_chk -dvv, recovery not yet perfect !
========DIFF START=======
11c11
< Datafile length:                16384  Keyfile length:                  16384
---
> Datafile length:                16384  Keyfile length:                   8192
18c18
< 1   2     6   unique  number NULL                    0         8192       8192
---
> 1   2     6   unique  number NULL                    0                    8192
========DIFF END=======
TEST WITH ma_test1 -s -M -T -c -N  --testflag=3 (commit at end)
Terminating after updates
TEST WITH ma_test1 -s -M -T -c -N  --testflag=4 --test-undo=2 (additional aborted work)
Terminating after deletes
Dying on request without maria_commit()/maria_close()
applying log
testing idempotency
applying log
testing applying of CLRs to recreate table
applying log
Differences in maria_chk -dvv, recovery not yet perfect !
========DIFF START=======
11c11
< Datafile length:                16384  Keyfile length:                  16384
---
> Datafile length:                16384  Keyfile length:                   8192
18c18
< 1   2     6   unique  number NULL                    0         8192       8192
---
> 1   2     6   unique  number NULL                    0                    8192
========DIFF END=======
TEST WITH ma_test1 -s -M -T -c -N  --testflag=2 (commit at end)
Terminating after inserts
TEST WITH ma_test1 -s -M -T -c -N  --testflag=3 --test-undo=2 (additional aborted work)
Terminating after updates
Dying on request without maria_commit()/maria_close()
applying log
Differences in maria_chk -dvv, recovery not yet perfect !
========DIFF START=======
11c11
< Datafile length:                16384  Keyfile length:                  16384
---
> Datafile length:                16384  Keyfile length:                   8192
18c18
< 1   2     6   unique  number NULL                    0         8192       8192
---
> 1   2     6   unique  number NULL                    0                    8192
========DIFF END=======
testing idempotency
applying log
Differences in maria_chk -dvv, recovery not yet perfect !
========DIFF START=======
11c11
< Datafile length:                16384  Keyfile length:                  16384
---
> Datafile length:                16384  Keyfile length:                   8192
18c18
< 1   2     6   unique  number NULL                    0         8192       8192
---
> 1   2     6   unique  number NULL                    0                    8192
========DIFF END=======
testing applying of CLRs to recreate table
applying log
Differences in maria_chk -dvv, recovery not yet perfect !
========DIFF START=======
11c11
< Datafile length:                16384  Keyfile length:                  16384
---
> Datafile length:                16384  Keyfile length:                   8192
18c18
< 1   2     6   unique  number NULL                    0         8192       8192
---
> 1   2     6   unique  number NULL                    0                    8192
========DIFF END=======
TEST WITH ma_test2 -s -L -K -W -P -M -T -c  -t1 (commit at end)
TEST WITH ma_test2 -s -L -K -W -P -M -T -c  -t2 -u2 (additional aborted work)
Dying on request without maria_commit()/maria_close()
applying log
Differences in maria_chk -dvv, recovery not yet perfect !
========DIFF START=======
6c6
< Status:              checked,analyzed,optimized keys,sorted index pages
---
> Status:              changed
11c11
< Datafile length:                 8192  Keyfile length:                   8192
---
> Datafile length:                90112  Keyfile length:                 204800
========DIFF END=======
testing idempotency
applying log
Differences in maria_chk -dvv, recovery not yet perfect !
========DIFF START=======
6c6
< Status:              checked,analyzed,optimized keys,sorted index pages
---
> Status:              changed
11c11
< Datafile length:                 8192  Keyfile length:                   8192
---
> Datafile length:                90112  Keyfile length:                 204800
========DIFF END=======
testing applying of CLRs to recreate table
applying log
Differences in maria_chk -dvv, recovery not yet perfect !
========DIFF START=======
6c6
< Status:              checked,analyzed,optimized keys,sorted index pages
---
> Status:              changed
11c11
< Datafile length:                 8192  Keyfile length:                   8192
---
> Datafile length:                90112  Keyfile length:                   8192
========DIFF END=======
TEST WITH ma_test1 -s -M -T -c -N  --testflag=1 (commit at end)
TEST WITH ma_test1 -s -M -T -c -N  --testflag=2 --test-undo=3 (additional aborted work)
Terminating after inserts
Dying on request without maria_commit()/maria_close()
applying log
Differences in maria_chk -dvv, recovery not yet perfect !
========DIFF START=======
11c11
< Datafile length:                16384  Keyfile length:                  16384
---
> Datafile length:                16384  Keyfile length:                   8192
18c18
< 1   2     6   unique  number NULL                    0         8192       8192
---
> 1   2     6   unique  number NULL                    0                    8192
========DIFF END=======
testing idempotency
applying log
Differences in maria_chk -dvv, recovery not yet perfect !
========DIFF START=======
11c11
< Datafile length:                16384  Keyfile length:                  16384
---
> Datafile length:                16384  Keyfile length:                   8192
18c18
< 1   2     6   unique  number NULL                    0         8192       8192
---
> 1   2     6   unique  number NULL                    0                    8192
========DIFF END=======
testing applying of CLRs to recreate table
applying log
Differences in maria_chk -dvv, recovery not yet perfect !
========DIFF START=======
11c11
< Datafile length:                16384  Keyfile length:                  16384
---
> Datafile length:                16384  Keyfile length:                   8192
18c18
< 1   2     6   unique  number NULL                    0         8192       8192
---
> 1   2     6   unique  number NULL                    0                    8192
========DIFF END=======
TEST WITH ma_test1 -s -M -T -c -N  --testflag=3 (commit at end)
Terminating after updates
TEST WITH ma_test1 -s -M -T -c -N  --testflag=4 --test-undo=3 (additional aborted work)
Terminating after deletes
Dying on request without maria_commit()/maria_close()
applying log
testing idempotency
applying log
testing applying of CLRs to recreate table
applying log
Differences in maria_chk -dvv, recovery not yet perfect !
========DIFF START=======
11c11
< Datafile length:                16384  Keyfile length:                  16384
---
> Datafile length:                16384  Keyfile length:                   8192
18c18
< 1   2     6   unique  number NULL                    0         8192       8192
---
> 1   2     6   unique  number NULL                    0                    8192
========DIFF END=======
TEST WITH ma_test1 -s -M -T -c -N  --testflag=2 (commit at end)
Terminating after inserts
TEST WITH ma_test1 -s -M -T -c -N  --testflag=3 --test-undo=3 (additional aborted work)
Terminating after updates
Dying on request without maria_commit()/maria_close()
applying log
Differences in maria_chk -dvv, recovery not yet perfect !
========DIFF START=======
11c11
< Datafile length:                16384  Keyfile length:                  16384
---
> Datafile length:                16384  Keyfile length:                   8192
18c18
< 1   2     6   unique  number NULL                    0         8192       8192
---
> 1   2     6   unique  number NULL                    0                    8192
========DIFF END=======
testing idempotency
applying log
Differences in maria_chk -dvv, recovery not yet perfect !
========DIFF START=======
11c11
< Datafile length:                16384  Keyfile length:                  16384
---
> Datafile length:                16384  Keyfile length:                   8192
18c18
< 1   2     6   unique  number NULL                    0         8192       8192
---
> 1   2     6   unique  number NULL                    0                    8192
========DIFF END=======
testing applying of CLRs to recreate table
applying log
Differences in maria_chk -dvv, recovery not yet perfect !
========DIFF START=======
11c11
< Datafile length:                16384  Keyfile length:                  16384
---
> Datafile length:                16384  Keyfile length:                   8192
18c18
< 1   2     6   unique  number NULL                    0         8192       8192
---
> 1   2     6   unique  number NULL                    0                    8192
========DIFF END=======
TEST WITH ma_test2 -s -L -K -W -P -M -T -c  -t1 (commit at end)
TEST WITH ma_test2 -s -L -K -W -P -M -T -c  -t2 -u3 (additional aborted work)
Dying on request without maria_commit()/maria_close()
applying log
Differences in maria_chk -dvv, recovery not yet perfect !
========DIFF START=======
6c6
< Status:              checked,analyzed,optimized keys,sorted index pages
---
> Status:              changed
11c11
< Datafile length:                 8192  Keyfile length:                   8192
---
> Datafile length:                90112  Keyfile length:                 204800
========DIFF END=======
testing idempotency
applying log
Differences in maria_chk -dvv, recovery not yet perfect !
========DIFF START=======
6c6
< Status:              checked,analyzed,optimized keys,sorted index pages
---
> Status:              changed
11c11
< Datafile length:                 8192  Keyfile length:                   8192
---
> Datafile length:                90112  Keyfile length:                 204800
========DIFF END=======
testing applying of CLRs to recreate table
applying log
Differences in maria_chk -dvv, recovery not yet perfect !
========DIFF START=======
6c6
< Status:              checked,analyzed,optimized keys,sorted index pages
---
> Status:              changed
11c11
< Datafile length:                 8192  Keyfile length:                   8192
---
> Datafile length:                90112  Keyfile length:                   8192
========DIFF END=======
TEST WITH ma_test1 -s -M -T -c -N -b --testflag=1 (commit at end)
TEST WITH ma_test1 -s -M -T -c -N -b --testflag=2 --test-undo=1 (additional aborted work)
Terminating after inserts
Dying on request without maria_commit()/maria_close()
applying log
Differences in maria_chk -dvv, recovery not yet perfect !
========DIFF START=======
11c11
< Datafile length:                49152  Keyfile length:                  16384
---
> Datafile length:                49152  Keyfile length:                   8192
18c18
< 1   2     6   unique  varchar BLOB NULL              0         8192       8192
---
> 1   2     6   unique  varchar BLOB NULL              0                    8192
========DIFF END=======
testing idempotency
applying log
Differences in maria_chk -dvv, recovery not yet perfect !
========DIFF START=======
11c11
< Datafile length:                49152  Keyfile length:                  16384
---
> Datafile length:                49152  Keyfile length:                   8192
18c18
< 1   2     6   unique  varchar BLOB NULL              0         8192       8192
---
> 1   2     6   unique  varchar BLOB NULL              0                    8192
========DIFF END=======
testing applying of CLRs to recreate table
applying log
Differences in maria_chk -dvv, recovery not yet perfect !
========DIFF START=======
11c11
< Datafile length:                49152  Keyfile length:                  16384
---
> Datafile length:                49152  Keyfile length:                   8192
18c18
< 1   2     6   unique  varchar BLOB NULL              0         8192       8192
---
> 1   2     6   unique  varchar BLOB NULL              0                    8192
========DIFF END=======
TEST WITH ma_test1 -s -M -T -c -N -b --testflag=3 (commit at end)
Terminating after updates
TEST WITH ma_test1 -s -M -T -c -N -b --testflag=4 --test-undo=1 (additional aborted work)
Terminating after deletes
Dying on request without maria_commit()/maria_close()
applying log
testing idempotency
applying log
testing applying of CLRs to recreate table
applying log
Differences in maria_chk -dvv, recovery not yet perfect !
========DIFF START=======
11c11
< Datafile length:                49152  Keyfile length:                  16384
---
> Datafile length:                49152  Keyfile length:                   8192
18c18
< 1   2     6   unique  varchar BLOB NULL              0         8192       8192
---
> 1   2     6   unique  varchar BLOB NULL              0                    8192
========DIFF END=======
TEST WITH ma_test1 -s -M -T -c -N -b --testflag=2 (commit at end)
Terminating after inserts
TEST WITH ma_test1 -s -M -T -c -N -b --testflag=3 --test-undo=1 (additional aborted work)
Terminating after updates
Dying on request without maria_commit()/maria_close()
applying log
Differences in maria_chk -dvv, recovery not yet perfect !
========DIFF START=======
11c11
< Datafile length:                49152  Keyfile length:                  16384
---
> Datafile length:                49152  Keyfile length:                   8192
18c18
< 1   2     6   unique  varchar BLOB NULL              0         8192       8192
---
> 1   2     6   unique  varchar BLOB NULL              0                    8192
========DIFF END=======
testing idempotency
applying log
Differences in maria_chk -dvv, recovery not yet perfect !
========DIFF START=======
11c11
< Datafile length:                49152  Keyfile length:                  16384
---
> Datafile length:                49152  Keyfile length:                   8192
18c18
< 1   2     6   unique  varchar BLOB NULL              0         8192       8192
---
> 1   2     6   unique  varchar BLOB NULL              0                    8192
========DIFF END=======
testing applying of CLRs to recreate table
applying log
Differences in maria_chk -dvv, recovery not yet perfect !
========DIFF START=======
11c11
< Datafile length:                49152  Keyfile length:                  16384
---
> Datafile length:                49152  Keyfile length:                   8192
18c18
< 1   2     6   unique  varchar BLOB NULL              0         8192       8192
---
> 1   2     6   unique  varchar BLOB NULL              0                    8192
========DIFF END=======
TEST WITH ma_test2 -s -L -K -W -P -M -T -c -b -t1 (commit at end)
TEST WITH ma_test2 -s -L -K -W -P -M -T -c -b -t2 -u1 (additional aborted work)
Dying on request without maria_commit()/maria_close()
applying log
Differences in maria_chk -dvv, recovery not yet perfect !
========DIFF START=======
6c6
< Status:              checked,analyzed,optimized keys,sorted index pages
---
> Status:              changed
11c11
< Datafile length:                 8192  Keyfile length:                   8192
---
> Datafile length:                81920  Keyfile length:                 212992
========DIFF END=======
testing idempotency
applying log
Differences in maria_chk -dvv, recovery not yet perfect !
========DIFF START=======
6c6
< Status:              checked,analyzed,optimized keys,sorted index pages
---
> Status:              changed
11c11
< Datafile length:                 8192  Keyfile length:                   8192
---
> Datafile length:                81920  Keyfile length:                 212992
========DIFF END=======
testing applying of CLRs to recreate table
applying log
Differences in maria_chk -dvv, recovery not yet perfect !
========DIFF START=======
6c6
< Status:              checked,analyzed,optimized keys,sorted index pages
---
> Status:              changed
11c11
< Datafile length:                 8192  Keyfile length:                   8192
---
> Datafile length:                81920  Keyfile length:                   8192
========DIFF END=======
TEST WITH ma_test1 -s -M -T -c -N -b --testflag=1 (commit at end)
TEST WITH ma_test1 -s -M -T -c -N -b --testflag=2 --test-undo=2 (additional aborted work)
Terminating after inserts
Dying on request without maria_commit()/maria_close()
applying log
Differences in maria_chk -dvv, recovery not yet perfect !
========DIFF START=======
11c11
< Datafile length:                49152  Keyfile length:                  16384
---
> Datafile length:                49152  Keyfile length:                   8192
18c18
< 1   2     6   unique  varchar BLOB NULL              0         8192       8192
---
> 1   2     6   unique  varchar BLOB NULL              0                    8192
========DIFF END=======
testing idempotency
applying log
Differences in maria_chk -dvv, recovery not yet perfect !
========DIFF START=======
11c11
< Datafile length:                49152  Keyfile length:                  16384
---
> Datafile length:                49152  Keyfile length:                   8192
18c18
< 1   2     6   unique  varchar BLOB NULL              0         8192       8192
---
> 1   2     6   unique  varchar BLOB NULL              0                    8192
========DIFF END=======
testing applying of CLRs to recreate table
applying log
Differences in maria_chk -dvv, recovery not yet perfect !
========DIFF START=======
11c11
< Datafile length:                49152  Keyfile length:                  16384
---
> Datafile length:                49152  Keyfile length:                   8192
18c18
< 1   2     6   unique  varchar BLOB NULL              0         8192       8192
---
> 1   2     6   unique  varchar BLOB NULL              0                    8192
========DIFF END=======
TEST WITH ma_test1 -s -M -T -c -N -b --testflag=3 (commit at end)
Terminating after updates
TEST WITH ma_test1 -s -M -T -c -N -b --testflag=4 --test-undo=2 (additional aborted work)
Terminating after deletes
Dying on request without maria_commit()/maria_close()
applying log
testing idempotency
applying log
testing applying of CLRs to recreate table
applying log
Differences in maria_chk -dvv, recovery not yet perfect !
========DIFF START=======
11c11
< Datafile length:                49152  Keyfile length:                  16384
---
> Datafile length:                49152  Keyfile length:                   8192
18c18
< 1   2     6   unique  varchar BLOB NULL              0         8192       8192
---
> 1   2     6   unique  varchar BLOB NULL              0                    8192
========DIFF END=======
TEST WITH ma_test1 -s -M -T -c -N -b --testflag=2 (commit at end)
Terminating after inserts
TEST WITH ma_test1 -s -M -T -c -N -b --testflag=3 --test-undo=2 (additional aborted work)
Terminating after updates
Dying on request without maria_commit()/maria_close()
applying log
Differences in maria_chk -dvv, recovery not yet perfect !
========DIFF START=======
11c11
< Datafile length:                49152  Keyfile length:                  16384
---
> Datafile length:                49152  Keyfile length:                   8192
18c18
< 1   2     6   unique  varchar BLOB NULL              0         8192       8192
---
> 1   2     6   unique  varchar BLOB NULL              0                    8192
========DIFF END=======
testing idempotency
applying log
Differences in maria_chk -dvv, recovery not yet perfect !
========DIFF START=======
11c11
< Datafile length:                49152  Keyfile length:                  16384
---
> Datafile length:                49152  Keyfile length:                   8192
18c18
< 1   2     6   unique  varchar BLOB NULL              0         8192       8192
---
> 1   2     6   unique  varchar BLOB NULL              0                    8192
========DIFF END=======
testing applying of CLRs to recreate table
applying log
Differences in maria_chk -dvv, recovery not yet perfect !
========DIFF START=======
11c11
< Datafile length:                49152  Keyfile length:                  16384
---
> Datafile length:                49152  Keyfile length:                   8192
18c18
< 1   2     6   unique  varchar BLOB NULL              0         8192       8192
---
> 1   2     6   unique  varchar BLOB NULL              0                    8192
========DIFF END=======
TEST WITH ma_test2 -s -L -K -W -P -M -T -c -b -t1 (commit at end)
TEST WITH ma_test2 -s -L -K -W -P -M -T -c -b -t2 -u2 (additional aborted work)
Dying on request without maria_commit()/maria_close()
applying log
Differences in maria_chk -dvv, recovery not yet perfect !
========DIFF START=======
6c6
< Status:              checked,analyzed,optimized keys,sorted index pages
---
> Status:              changed
11c11
< Datafile length:                 8192  Keyfile length:                   8192
---
> Datafile length:                81920  Keyfile length:                 212992
========DIFF END=======
testing idempotency
applying log
Differences in maria_chk -dvv, recovery not yet perfect !
========DIFF START=======
6c6
< Status:              checked,analyzed,optimized keys,sorted index pages
---
> Status:              changed
11c11
< Datafile length:                 8192  Keyfile length:                   8192
---
> Datafile length:                81920  Keyfile length:                 212992
========DIFF END=======
testing applying of CLRs to recreate table
applying log
Differences in maria_chk -dvv, recovery not yet perfect !
========DIFF START=======
6c6
< Status:              checked,analyzed,optimized keys,sorted index pages
---
> Status:              changed
11c11
< Datafile length:                 8192  Keyfile length:                   8192
---
> Datafile length:                81920  Keyfile length:                   8192
========DIFF END=======
TEST WITH ma_test1 -s -M -T -c -N -b --testflag=1 (commit at end)
TEST WITH ma_test1 -s -M -T -c -N -b --testflag=2 --test-undo=3 (additional aborted work)
Terminating after inserts
Dying on request without maria_commit()/maria_close()
applying log
Differences in maria_chk -dvv, recovery not yet perfect !
========DIFF START=======
11c11
< Datafile length:                49152  Keyfile length:                  16384
---
> Datafile length:                49152  Keyfile length:                   8192
18c18
< 1   2     6   unique  varchar BLOB NULL              0         8192       8192
---
> 1   2     6   unique  varchar BLOB NULL              0                    8192
========DIFF END=======
testing idempotency
applying log
Differences in maria_chk -dvv, recovery not yet perfect !
========DIFF START=======
11c11
< Datafile length:                49152  Keyfile length:                  16384
---
> Datafile length:                49152  Keyfile length:                   8192
18c18
< 1   2     6   unique  varchar BLOB NULL              0         8192       8192
---
> 1   2     6   unique  varchar BLOB NULL              0                    8192
========DIFF END=======
testing applying of CLRs to recreate table
applying log
Differences in maria_chk -dvv, recovery not yet perfect !
========DIFF START=======
11c11
< Datafile length:                49152  Keyfile length:                  16384
---
> Datafile length:                49152  Keyfile length:                   8192
18c18
< 1   2     6   unique  varchar BLOB NULL              0         8192       8192
---
> 1   2     6   unique  varchar BLOB NULL              0                    8192
========DIFF END=======
TEST WITH ma_test1 -s -M -T -c -N -b --testflag=3 (commit at end)
Terminating after updates
TEST WITH ma_test1 -s -M -T -c -N -b --testflag=4 --test-undo=3 (additional aborted work)
Terminating after deletes
Dying on request without maria_commit()/maria_close()
applying log
testing idempotency
applying log
testing applying of CLRs to recreate table
applying log
Differences in maria_chk -dvv, recovery not yet perfect !
========DIFF START=======
11c11
< Datafile length:                49152  Keyfile length:                  16384
---
> Datafile length:                49152  Keyfile length:                   8192
18c18
< 1   2     6   unique  varchar BLOB NULL              0         8192       8192
---
> 1   2     6   unique  varchar BLOB NULL              0                    8192
========DIFF END=======
TEST WITH ma_test1 -s -M -T -c -N -b --testflag=2 (commit at end)
Terminating after inserts
TEST WITH ma_test1 -s -M -T -c -N -b --testflag=3 --test-undo=3 (additional aborted work)
Terminating after updates
Dying on request without maria_commit()/maria_close()
applying log
Differences in maria_chk -dvv, recovery not yet perfect !
========DIFF START=======
11c11
< Datafile length:                49152  Keyfile length:                  16384
---
> Datafile length:                49152  Keyfile length:                   8192
18c18
< 1   2     6   unique  varchar BLOB NULL              0         8192       8192
---
> 1   2     6   unique  varchar BLOB NULL              0                    8192
========DIFF END=======
testing idempotency
applying log
Differences in maria_chk -dvv, recovery not yet perfect !
========DIFF START=======
11c11
< Datafile length:                49152  Keyfile length:                  16384
---
> Datafile length:                49152  Keyfile length:                   8192
18c18
< 1   2     6   unique  varchar BLOB NULL              0         8192       8192
---
> 1   2     6   unique  varchar BLOB NULL              0                    8192
========DIFF END=======
testing applying of CLRs to recreate table
applying log
Differences in maria_chk -dvv, recovery not yet perfect !
========DIFF START=======
11c11
< Datafile length:                49152  Keyfile length:                  16384
---
> Datafile length:                49152  Keyfile length:                   8192
18c18
< 1   2     6   unique  varchar BLOB NULL              0         8192       8192
---
> 1   2     6   unique  varchar BLOB NULL              0                    8192
========DIFF END=======
TEST WITH ma_test2 -s -L -K -W -P -M -T -c -b -t1 (commit at end)
TEST WITH ma_test2 -s -L -K -W -P -M -T -c -b -t2 -u3 (additional aborted work)
Dying on request without maria_commit()/maria_close()
applying log
Differences in maria_chk -dvv, recovery not yet perfect !
========DIFF START=======
6c6
< Status:              checked,analyzed,optimized keys,sorted index pages
---
> Status:              changed
11c11
< Datafile length:                 8192  Keyfile length:                   8192
---
> Datafile length:                81920  Keyfile length:                 212992
========DIFF END=======
testing idempotency
applying log
Differences in maria_chk -dvv, recovery not yet perfect !
========DIFF START=======
6c6
< Status:              checked,analyzed,optimized keys,sorted index pages
---
> Status:              changed
11c11
< Datafile length:                 8192  Keyfile length:                   8192
---
> Datafile length:                81920  Keyfile length:                 212992
========DIFF END=======
testing applying of CLRs to recreate table
applying log
Differences in maria_chk -dvv, recovery not yet perfect !
========DIFF START=======
6c6
< Status:              checked,analyzed,optimized keys,sorted index pages
---
> Status:              changed
11c11
< Datafile length:                 8192  Keyfile length:                   8192
---
> Datafile length:                81920  Keyfile length:                   8192
========DIFF END=======
